// Jest Snapshot v1, https://goo.gl/fbAQLP

exports[`createUser throws error for existing user: user-already-exists 1`] = `undefined`;
